// Jest Snapshot v1, https://goo.gl/fbAQLP

exports[`ImageFallback component should match snapshot for ImageFallback 1`] = `
<div>
  <img
    alt="image"
    data-nimg="1"
    decoding="async"
    src="http://localhost/"
    style="color: transparent; background-size: cover; background-position: 50% 50%; background-repeat: no-repeat;"
  />
</div>
`;
