// Jest Snapshot v1, https://goo.gl/fbAQLP

exports[`SideBarItem component should match snapshot for SideBarItem 1`] = `
<div>
  <a
    href="/"
  >
    <div
      class="chakra-stack css-ile8xj"
      data-testid="sidebar-item-Product"
    >
      <div
        class="css-k008qs"
      >
        <svg
          class="chakra-icon css-z2vag5"
          focusable="false"
          viewBox="0 0 10 12"
        >
          <path
            d="M8.33057 0H2.33057C1.93274 0 1.55121 0.158035 1.26991 0.43934C0.988602 0.720644 0.830566 1.10218 0.830566 1.5V10.5C0.830566 10.8978 0.988602 11.2794 1.26991 11.5607C1.55121 11.842 1.93274 12 2.33057 12H8.33057C8.72839 12 9.10992 11.842 9.39123 11.5607C9.67253 11.2794 9.83057 10.8978 9.83057 10.5V1.5C9.83057 1.10218 9.67253 0.720644 9.39123 0.43934C9.10992 0.158035 8.72839 0 8.33057 0ZM3.08057 3H7.58057C7.68002 3 7.77541 3.03951 7.84573 3.10984C7.91606 3.18016 7.95557 3.27554 7.95557 3.375C7.95557 3.47446 7.91606 3.56984 7.84573 3.64016C7.77541 3.71049 7.68002 3.75 7.58057 3.75H3.08057C2.98111 3.75 2.88573 3.71049 2.8154 3.64016C2.74508 3.56984 2.70557 3.47446 2.70557 3.375C2.70557 3.27554 2.74508 3.18016 2.8154 3.10984C2.88573 3.03951 2.98111 3 3.08057 3ZM2.70557 4.875C2.70557 4.77554 2.74508 4.68016 2.8154 4.60984C2.88573 4.53951 2.98111 4.5 3.08057 4.5H7.58057C7.68002 4.5 7.77541 4.53951 7.84573 4.60984C7.91606 4.68016 7.95557 4.77554 7.95557 4.875C7.95557 4.97446 7.91606 5.06984 7.84573 5.14016C7.77541 5.21049 7.68002 5.25 7.58057 5.25H3.08057C2.98111 5.25 2.88573 5.21049 2.8154 5.14016C2.74508 5.06984 2.70557 4.97446 2.70557 4.875ZM3.08057 6H7.58057C7.68002 6 7.77541 6.03951 7.84573 6.10983C7.91606 6.18016 7.95557 6.27554 7.95557 6.375C7.95557 6.47446 7.91606 6.56984 7.84573 6.64017C7.77541 6.71049 7.68002 6.75 7.58057 6.75H3.08057C2.98111 6.75 2.88573 6.71049 2.8154 6.64017C2.74508 6.56984 2.70557 6.47446 2.70557 6.375C2.70557 6.27554 2.74508 6.18016 2.8154 6.10983C2.88573 6.03951 2.98111 6 3.08057 6ZM3.08057 7.5H5.33057C5.43002 7.5 5.52541 7.53951 5.59573 7.60983C5.66606 7.68016 5.70557 7.77554 5.70557 7.875C5.70557 7.97446 5.66606 8.06984 5.59573 8.14017C5.52541 8.21049 5.43002 8.25 5.33057 8.25H3.08057C2.98111 8.25 2.88573 8.21049 2.8154 8.14017C2.74508 8.06984 2.70557 7.97446 2.70557 7.875C2.70557 7.77554 2.74508 7.68016 2.8154 7.60983C2.88573 7.53951 2.98111 7.5 3.08057 7.5Z"
            fill="currentColor"
          />
        </svg>
      </div>
      <p
        class="chakra-text css-vpapf9"
      >
        Product
      </p>
    </div>
  </a>
</div>
`;

exports[`SideBarItem component should match snapshot for SideBarItem 2`] = `
<div>
  <a
    href="/"
  >
    <div
      class="chakra-stack css-9aktsg"
      data-testid="sidebar-item-Product"
    >
      <div
        class="css-8z21bf"
      >
        <svg
          class="chakra-icon css-z2vag5"
          focusable="false"
          viewBox="0 0 10 12"
        >
          <path
            d="M8.33057 0H2.33057C1.93274 0 1.55121 0.158035 1.26991 0.43934C0.988602 0.720644 0.830566 1.10218 0.830566 1.5V10.5C0.830566 10.8978 0.988602 11.2794 1.26991 11.5607C1.55121 11.842 1.93274 12 2.33057 12H8.33057C8.72839 12 9.10992 11.842 9.39123 11.5607C9.67253 11.2794 9.83057 10.8978 9.83057 10.5V1.5C9.83057 1.10218 9.67253 0.720644 9.39123 0.43934C9.10992 0.158035 8.72839 0 8.33057 0ZM3.08057 3H7.58057C7.68002 3 7.77541 3.03951 7.84573 3.10984C7.91606 3.18016 7.95557 3.27554 7.95557 3.375C7.95557 3.47446 7.91606 3.56984 7.84573 3.64016C7.77541 3.71049 7.68002 3.75 7.58057 3.75H3.08057C2.98111 3.75 2.88573 3.71049 2.8154 3.64016C2.74508 3.56984 2.70557 3.47446 2.70557 3.375C2.70557 3.27554 2.74508 3.18016 2.8154 3.10984C2.88573 3.03951 2.98111 3 3.08057 3ZM2.70557 4.875C2.70557 4.77554 2.74508 4.68016 2.8154 4.60984C2.88573 4.53951 2.98111 4.5 3.08057 4.5H7.58057C7.68002 4.5 7.77541 4.53951 7.84573 4.60984C7.91606 4.68016 7.95557 4.77554 7.95557 4.875C7.95557 4.97446 7.91606 5.06984 7.84573 5.14016C7.77541 5.21049 7.68002 5.25 7.58057 5.25H3.08057C2.98111 5.25 2.88573 5.21049 2.8154 5.14016C2.74508 5.06984 2.70557 4.97446 2.70557 4.875ZM3.08057 6H7.58057C7.68002 6 7.77541 6.03951 7.84573 6.10983C7.91606 6.18016 7.95557 6.27554 7.95557 6.375C7.95557 6.47446 7.91606 6.56984 7.84573 6.64017C7.77541 6.71049 7.68002 6.75 7.58057 6.75H3.08057C2.98111 6.75 2.88573 6.71049 2.8154 6.64017C2.74508 6.56984 2.70557 6.47446 2.70557 6.375C2.70557 6.27554 2.74508 6.18016 2.8154 6.10983C2.88573 6.03951 2.98111 6 3.08057 6ZM3.08057 7.5H5.33057C5.43002 7.5 5.52541 7.53951 5.59573 7.60983C5.66606 7.68016 5.70557 7.77554 5.70557 7.875C5.70557 7.97446 5.66606 8.06984 5.59573 8.14017C5.52541 8.21049 5.43002 8.25 5.33057 8.25H3.08057C2.98111 8.25 2.88573 8.21049 2.8154 8.14017C2.74508 8.06984 2.70557 7.97446 2.70557 7.875C2.70557 7.77554 2.74508 7.68016 2.8154 7.60983C2.88573 7.53951 2.98111 7.5 3.08057 7.5Z"
            fill="currentColor"
          />
        </svg>
      </div>
      <p
        class="chakra-text css-zz3tyx"
      >
        Product
      </p>
    </div>
  </a>
</div>
`;
