// Jest Snapshot v1, https://goo.gl/fbAQLP

exports[`RegisterForm component should match snapshot for RegisterForm 1`] = `
<div>
  <div
    class="chakra-form-control css-1y70775"
    role="group"
  >
    <div
      class="css-576atl"
    >
      <div
        class="chakra-input__group css-bx0blc"
        data-group="true"
      >
        <div
          class="chakra-input__left-element css-1u2k0bl"
        >
          <svg
            class="chakra-icon css-1pf3ihb"
            focusable="false"
            viewBox="0 0 22 18"
          >
            <path
              d="M21.5 2.15001C21.5 0.967503 20.5325 0 19.35 0H2.14998C0.967472 0 -3.05176e-05 0.967503 -3.05176e-05 2.15001V15.05C-3.05176e-05 16.2325 0.967472 17.2001 2.14998 17.2001H19.35C20.5325 17.2001 21.5 16.2325 21.5 15.05V2.15001ZM19.35 2.15001L10.75 7.52502L2.14998 2.15001H19.35ZM19.35 15.05H2.14998V4.30001L10.75 9.67503L19.35 4.30001V15.05Z"
              fill="currentColor"
            />
          </svg>
        </div>
        <input
          class="chakra-input css-0"
          id="email"
          placeholder="Your email"
          value=""
        />
      </div>
    </div>
    <div
      class="css-576atl"
    >
      <div
        class="chakra-input__group css-bx0blc"
        data-group="true"
      >
        <div
          class="chakra-input__left-element css-1u2k0bl"
        >
          <svg
            class="chakra-icon css-qkeeof"
            focusable="false"
            viewBox="0 0 22 22"
          >
            <circle
              cx="8.25"
              cy="6.417"
              r="3.667"
              stroke="currentColor"
              stroke-linecap="round"
              stroke-linejoin="round"
              stroke-width="1.75"
            />
            <circle
              cx="8.25"
              cy="6.417"
              r="3.667"
              stroke="currentColor"
              stroke-linecap="round"
              stroke-linejoin="round"
              stroke-width="1.75"
            />
            <path
              d="M2.75 19.25v-1.833a3.667 3.667 0 0 1 3.667-3.667h3.666a3.667 3.667 0 0 1 3.667 3.667v1.833"
              stroke="currentColor"
              stroke-linecap="round"
              stroke-linejoin="round"
              stroke-width="1.75"
            />
            <path
              d="M2.75 19.25v-1.833a3.667 3.667 0 0 1 3.667-3.667h3.666a3.667 3.667 0 0 1 3.667 3.667v1.833M14.667 2.87a3.667 3.667 0 0 1 0 7.103"
              stroke="currentColor"
              stroke-linecap="round"
              stroke-linejoin="round"
              stroke-width="1.75"
            />
            <path
              d="M14.667 2.87a3.667 3.667 0 0 1 0 7.103M19.25 19.25v-1.833a3.667 3.667 0 0 0-2.75-3.53"
              stroke="currentColor"
              stroke-linecap="round"
              stroke-linejoin="round"
              stroke-width="1.75"
            />
            <path
              d="M19.25 19.25v-1.833a3.667 3.667 0 0 0-2.75-3.53"
              stroke="currentColor"
              stroke-linecap="round"
              stroke-linejoin="round"
              stroke-width="1.75"
            />
          </svg>
        </div>
        <input
          class="chakra-input css-0"
          id="name"
          placeholder="Your name"
          value=""
        />
      </div>
    </div>
    <div
      class="css-576atl"
    >
      <div
        class="chakra-input__group css-bx0blc"
        data-group="true"
      >
        <div
          class="chakra-input__left-element css-1u2k0bl"
        >
          <svg
            class="chakra-icon css-nyt2fo"
            focusable="false"
            viewBox="0 0 22 23"
          >
            <path
              d="M15.3178 12.3637L17.0451 14.0909L20.4996 10.6364L18.7723 8.90912"
              stroke="currentColor"
              stroke-linecap="round"
              stroke-linejoin="round"
              stroke-width="2.30303"
            />
            <path
              d="M10.3451 12.1546L20.4997 2"
              stroke="currentColor"
              stroke-linecap="round"
              stroke-linejoin="round"
              stroke-width="2.30303"
            />
            <path
              d="M6.68182 21C9.54366 21 11.8636 18.68 11.8636 15.8182C11.8636 12.9563 9.54366 10.6364 6.68182 10.6364C3.81998 10.6364 1.5 12.9563 1.5 15.8182C1.5 18.68 3.81998 21 6.68182 21Z"
              stroke="currentColor"
              stroke-linecap="round"
              stroke-linejoin="round"
              stroke-width="2.30303"
            />
          </svg>
        </div>
        <input
          class="chakra-input css-13rbvqk"
          id="password"
          placeholder="Password"
          type="password"
          value=""
        />
      </div>
    </div>
    <div
      class="css-576atl"
    >
      <div
        class="chakra-input__group css-bx0blc"
        data-group="true"
      >
        <div
          class="chakra-input__left-element css-1u2k0bl"
        >
          <svg
            class="chakra-icon css-nyt2fo"
            focusable="false"
            viewBox="0 0 22 23"
          >
            <path
              d="M15.3178 12.3637L17.0451 14.0909L20.4996 10.6364L18.7723 8.90912"
              stroke="currentColor"
              stroke-linecap="round"
              stroke-linejoin="round"
              stroke-width="2.30303"
            />
            <path
              d="M10.3451 12.1546L20.4997 2"
              stroke="currentColor"
              stroke-linecap="round"
              stroke-linejoin="round"
              stroke-width="2.30303"
            />
            <path
              d="M6.68182 21C9.54366 21 11.8636 18.68 11.8636 15.8182C11.8636 12.9563 9.54366 10.6364 6.68182 10.6364C3.81998 10.6364 1.5 12.9563 1.5 15.8182C1.5 18.68 3.81998 21 6.68182 21Z"
              stroke="currentColor"
              stroke-linecap="round"
              stroke-linejoin="round"
              stroke-width="2.30303"
            />
          </svg>
        </div>
        <input
          class="chakra-input css-13rbvqk"
          id="confirmPassword"
          placeholder="Confirm Password"
          type="password"
          value=""
        />
      </div>
    </div>
    <button
      aria-label="register"
      class="chakra-button css-1djq1b7"
      disabled=""
      type="button"
    >
      Register
    </button>
  </div>
</div>
`;
