// Jest Snapshot v1, https://goo.gl/fbAQLP

exports[`ProductPagination component should match snapshot for ProductPagination 1`] = `
<div>
  <div
    class="chakra-stack css-z424u0"
  >
    <button
      aria-label="pagination-prev"
      class="chakra-button css-4xx2wk"
      disabled=""
      type="button"
    >
      <svg
        class="chakra-icon css-nyt2fo"
        focusable="false"
        viewBox="0 0 8 14"
      >
        <path
          clip-rule="evenodd"
          d="M7.77789 0.979322C7.82445 1.02577 7.8614 1.08094 7.8866 1.14169C7.91181 1.20243 7.92478 1.26755 7.92478 1.33332C7.92478 1.39909 7.91181 1.46421 7.8866 1.52496C7.8614 1.5857 7.82445 1.64088 7.77789 1.68732L2.13089 7.33332L7.77789 12.9793C7.87178 13.0732 7.92452 13.2005 7.92452 13.3333C7.92452 13.4661 7.87178 13.5934 7.77789 13.6873C7.684 13.7812 7.55667 13.834 7.42389 13.834C7.29111 13.834 7.16378 13.7812 7.06989 13.6873L1.06989 7.68732C1.02333 7.64088 0.986384 7.5857 0.961177 7.52495C0.935971 7.46421 0.922997 7.39909 0.922997 7.33332C0.922997 7.26755 0.935971 7.20243 0.961177 7.14169C0.986384 7.08094 1.02333 7.02577 1.06989 6.97932L7.06989 0.979322C7.11634 0.932759 7.17151 0.895816 7.23226 0.870609C7.293 0.845403 7.35812 0.832428 7.42389 0.832428C7.48966 0.832428 7.55478 0.845403 7.61552 0.870609C7.67627 0.895816 7.73144 0.932759 7.77789 0.979322Z"
          fill="currentColor"
          fill-rule="evenodd"
        />
      </svg>
    </button>
    <button
      class="chakra-button css-122nk53"
      type="button"
    >
      1
    </button>
    <button
      aria-label="pagination-next"
      class="chakra-button css-4xx2wk"
      disabled=""
      type="button"
    >
      <svg
        class="chakra-icon css-nyt2fo"
        focusable="false"
        viewBox="0 0 8 14"
      >
        <path
          clip-rule="evenodd"
          d="M0.797421 0.979322C0.843867 0.932759 0.899043 0.895816 0.959788 0.870609C1.02053 0.845403 1.08565 0.832428 1.15142 0.832428C1.21719 0.832428 1.28231 0.845403 1.34306 0.870609C1.4038 0.895816 1.45898 0.932759 1.50542 0.979322L7.50542 6.97932C7.55198 7.02577 7.58893 7.08094 7.61413 7.14169C7.63934 7.20243 7.65232 7.26755 7.65232 7.33332C7.65232 7.39909 7.63934 7.46421 7.61413 7.52495C7.58893 7.5857 7.55198 7.64088 7.50542 7.68732L1.50542 13.6873C1.41154 13.7812 1.2842 13.834 1.15142 13.834C1.01865 13.834 0.891308 13.7812 0.797421 13.6873C0.703535 13.5934 0.65079 13.4661 0.65079 13.3333C0.65079 13.2005 0.703535 13.0732 0.797421 12.9793L6.44442 7.33332L0.797421 1.68732C0.750858 1.64088 0.713915 1.5857 0.688709 1.52496C0.663502 1.46421 0.650528 1.39909 0.650528 1.33332C0.650528 1.26755 0.663502 1.20243 0.688709 1.14169C0.713915 1.08094 0.750858 1.02577 0.797421 0.979322Z"
          fill="currentColor"
          fill-rule="evenodd"
        />
      </svg>
    </button>
  </div>
</div>
`;
