// Jest Snapshot v1, https://goo.gl/fbAQLP

exports[`OrderModal component should match snapshot for OrderModal 1`] = `
<div
  aria-hidden="true"
  data-aria-hidden="true"
/>
`;
