// Jest Snapshot v1, https://goo.gl/fbAQLP

exports[`TableRow should match snapshot for TableRow 1`] = `
<div>
  <table
    class="chakra-table css-0"
  >
    <tbody
      class="css-0"
    >
      <tr
        class="css-0"
      >
        <td
          class="css-1ys01ni"
        >
          <div
            class="chakra-skeleton css-14aqp8m"
          />
        </td>
        <td
          class="css-1ys01ni"
        >
          <div
            class="chakra-skeleton css-14aqp8m"
          />
        </td>
        <td
          class="css-1ys01ni"
        >
          <div
            class="chakra-skeleton css-14aqp8m"
          />
        </td>
      </tr>
      <tr
        class="css-0"
      >
        <td
          class="css-1ys01ni"
        >
          <div
            class="chakra-skeleton css-14aqp8m"
          />
        </td>
        <td
          class="css-1ys01ni"
        >
          <div
            class="chakra-skeleton css-14aqp8m"
          />
        </td>
        <td
          class="css-1ys01ni"
        >
          <div
            class="chakra-skeleton css-14aqp8m"
          />
        </td>
      </tr>
      <tr
        class="css-0"
      >
        <td
          class="css-1ys01ni"
        >
          <div
            class="chakra-skeleton css-14aqp8m"
          />
        </td>
        <td
          class="css-1ys01ni"
        >
          <div
            class="chakra-skeleton css-14aqp8m"
          />
        </td>
        <td
          class="css-1ys01ni"
        >
          <div
            class="chakra-skeleton css-14aqp8m"
          />
        </td>
      </tr>
    </tbody>
  </table>
</div>
`;
