// Jest Snapshot v1, https://goo.gl/fbAQLP

exports[`Table should match snapshot for Table 1`] = `
<div>
  <table
    class="chakra-table css-1t9zrjp"
  >
    <thead
      class="css-0"
    >
      <tr
        class="css-0"
      >
        <th
          class="css-1otffnp"
        >
          Id Order
        </th>
        <th
          class="css-1otffnp"
        >
          Product
        </th>
        <th
          class="css-1otffnp"
        >
          Customer
        </th>
        <th
          class="css-1otffnp"
        >
          Status
        </th>
      </tr>
    </thead>
    <tbody
      class="css-0"
    >
      <tr
        class="css-0"
      >
        <td
          class="css-zpl621"
        >
          345-645
        </td>
        <td
          class="css-zpl621"
        >
          Surabaya
        </td>
        <td
          class="css-zpl621"
        >
          Iphone 11 256 GB TAM
        </td>
        <td
          class="css-zpl621"
        >
          Rejected
        </td>
      </tr>
      <tr
        class="css-0"
      >
        <td
          class="css-zpl621"
        >
          465-674
        </td>
        <td
          class="css-zpl621"
        >
          Surabaya
        </td>
        <td
          class="css-zpl621"
        >
          Gaming Chair Dragon War
        </td>
        <td
          class="css-zpl621"
        >
          Complete
        </td>
      </tr>
    </tbody>
  </table>
</div>
`;
