// Jest Snapshot v1, https://goo.gl/fbAQLP

exports[`SkeletonTable component should match snapshot for SkeletonTable 1`] = `
<div>
  <table
    class="chakra-table css-0"
  >
    <thead
      class="css-0"
    >
      <tr
        class="css-0"
      >
        <th
          class="css-0"
        >
          <div
            class="chakra-skeleton css-hu2ne3"
          />
        </th>
        <th
          class="css-0"
        >
          <div
            class="chakra-skeleton css-hu2ne3"
          />
        </th>
        <th
          class="css-0"
        >
          <div
            class="chakra-skeleton css-hu2ne3"
          />
        </th>
        <th
          class="css-0"
        >
          <div
            class="chakra-skeleton css-hu2ne3"
          />
        </th>
      </tr>
    </thead>
    <tbody
      class="css-0"
    >
      <tr
        class="css-0"
      >
        <td
          class="css-0"
        >
          <div
            class="chakra-skeleton css-hu2ne3"
          />
        </td>
        <td
          class="css-0"
        >
          <div
            class="chakra-skeleton css-hu2ne3"
          />
        </td>
        <td
          class="css-0"
        >
          <div
            class="chakra-skeleton css-hu2ne3"
          />
        </td>
        <td
          class="css-0"
        >
          <div
            class="chakra-skeleton css-hu2ne3"
          />
        </td>
      </tr>
      <tr
        class="css-0"
      >
        <td
          class="css-0"
        >
          <div
            class="chakra-skeleton css-hu2ne3"
          />
        </td>
        <td
          class="css-0"
        >
          <div
            class="chakra-skeleton css-hu2ne3"
          />
        </td>
        <td
          class="css-0"
        >
          <div
            class="chakra-skeleton css-hu2ne3"
          />
        </td>
        <td
          class="css-0"
        >
          <div
            class="chakra-skeleton css-hu2ne3"
          />
        </td>
      </tr>
      <tr
        class="css-0"
      >
        <td
          class="css-0"
        >
          <div
            class="chakra-skeleton css-hu2ne3"
          />
        </td>
        <td
          class="css-0"
        >
          <div
            class="chakra-skeleton css-hu2ne3"
          />
        </td>
        <td
          class="css-0"
        >
          <div
            class="chakra-skeleton css-hu2ne3"
          />
        </td>
        <td
          class="css-0"
        >
          <div
            class="chakra-skeleton css-hu2ne3"
          />
        </td>
      </tr>
      <tr
        class="css-0"
      >
        <td
          class="css-0"
        >
          <div
            class="chakra-skeleton css-hu2ne3"
          />
        </td>
        <td
          class="css-0"
        >
          <div
            class="chakra-skeleton css-hu2ne3"
          />
        </td>
        <td
          class="css-0"
        >
          <div
            class="chakra-skeleton css-hu2ne3"
          />
        </td>
        <td
          class="css-0"
        >
          <div
            class="chakra-skeleton css-hu2ne3"
          />
        </td>
      </tr>
      <tr
        class="css-0"
      >
        <td
          class="css-0"
        >
          <div
            class="chakra-skeleton css-hu2ne3"
          />
        </td>
        <td
          class="css-0"
        >
          <div
            class="chakra-skeleton css-hu2ne3"
          />
        </td>
        <td
          class="css-0"
        >
          <div
            class="chakra-skeleton css-hu2ne3"
          />
        </td>
        <td
          class="css-0"
        >
          <div
            class="chakra-skeleton css-hu2ne3"
          />
        </td>
      </tr>
    </tbody>
  </table>
</div>
`;
